app/(root)/interview/page.tsx(14,9): error TS2322: Type '{ userName: string; userId: string | undefined; profileImage: any; type: "generate"; }' is not assignable to type 'IntrinsicAttributes & AgentProps'.
  Property 'profileImage' does not exist on type 'IntrinsicAttributes & AgentProps'.
app/(root)/interview/page.tsx(14,29): error TS2339: Property 'profileURL' does not exist on type 'User'.
